%!Adobe-FontList 1.16
%Locale:0x409

%BeginFont
Handler:DirectoryHandler
FontType:Type1
FontName:Chivo-Black
FamilyName:Chivo
StyleName:Black
MenuName:Chivo Light
StyleBits:2
WeightClass:900
WidthClass:5
AngleClass:0
FullName:Chivo Black
WritingScript:Roman
OutlineFileName:\Chivo-Black.otf
DataFormat:sfntData
UsesStandardEncoding:yes
isCFF:yes
FileLength:51212
FileModTime:1412798984
NameArray:0,Mac,4,Chivo Black
NameArray:0,Win,1,Chivo Light
NameArray:0,Win,16,Chivo
%EndFont

%BeginFont
Handler:DirectoryHandler
FontType:Type1
FontName:Chivo-Regular
FamilyName:Chivo
StyleName:Regular
MenuName:Chivo
StyleBits:0
WeightClass:400
WidthClass:5
AngleClass:0
FullName:Chivo
WritingScript:Roman
OutlineFileName:\Chivo-Regular.otf
DataFormat:sfntData
UsesStandardEncoding:yes
isCFF:yes
FileLength:54708
FileModTime:1412798984
NameArray:0,Mac,4,Chivo
NameArray:0,Win,1,Chivo
%EndFont

%BeginFont
Handler:DirectoryHandler
FontType:Type1
FontName:Pragati-Bold
FamilyName:Pragati
StyleName:Bold
MenuName:Pragati
StyleBits:2
WeightClass:700
WidthClass:5
AngleClass:0
FullName:Pragati Bold
WritingScript:Roman
OutlineFileName:\Pragati-Bold.otf
DataFormat:sfntData
UsesStandardEncoding:yes
isCFF:yes
FileLength:240244
FileModTime:1422322336
NameArray:0,Mac,4,Pragati Bold
NameArray:0,Win,1,Pragati
%EndFont

%BeginFont
Handler:DirectoryHandler
FontType:Type1
FontName:Pragati-Regular
FamilyName:Pragati
StyleName:Regular
MenuName:Pragati
StyleBits:0
WeightClass:400
WidthClass:5
AngleClass:0
FullName:Pragati
WritingScript:Roman
OutlineFileName:\Pragati-Regular.otf
DataFormat:sfntData
UsesStandardEncoding:yes
isCFF:yes
FileLength:241412
FileModTime:1422322336
NameArray:0,Mac,4,Pragati
NameArray:0,Win,1,Pragati
%EndFont

